// Jest Snapshot v1, https://goo.gl/fbAQLP

exports[`renders Card component correctly 1`] = `
<div
  className="tc bg-light-green dib br3 pa3 ma2 grow bw2 shadow-5 card"
>
  <img
    alt="robot"
    height={200}
    src="https://robohash.org/undefined?size=200x200"
    width={200}
  />
  <div>
    <h2 />
    <p />
  </div>
</div>
`;
