// Jest Snapshot v1, https://goo.gl/fbAQLP

exports[`CounterButton tests renders CounterButton component correctly 1`] = `
<button
  color="red"
  data-testid="counter"
  onClick={[Function]}
>
  Count: 
  0
</button>
`;
